
> my-v0-project@0.1.0 build
> next build

   ▲ Next.js 16.0.7 (Turbopack)
   - Environments: .env.local

   Creating an optimized production build ...
 ✓ Compiled successfully in 21.8s
   Skipping validation of types
   Collecting page data using 11 workers ...
   Generating static pages using 11 workers (0/43) ...
   Generating static pages using 11 workers (10/43) 
   Generating static pages using 11 workers (21/43) 
   Generating static pages using 11 workers (32/43) 
 ✓ Generating static pages using 11 workers (43/43) in 4.1s
   Finalizing page optimization ...

Route (app)
┌ ○ /
├ ○ /_not-found
├ ○ /admin
├ ○ /admin/analytics
├ ○ /admin/appointments
├ ○ /admin/config
├ ○ /admin/conversations
├ ○ /admin/services
├ ○ /admin/settings
├ ○ /admin/system
├ ○ /admin/users
├ ○ /dashboard
├ ○ /dashboard/appointments
├ ○ /dashboard/conversations
├ ƒ /dashboard/conversations/[id]
├ ○ /dashboard/help
├ ○ /dashboard/onboarding
├ ○ /dashboard/schedule
├ ○ /dashboard/services
├ ○ /dashboard/settings
├ ○ /dashboard/settings/ai
├ ○ /dashboard/settings/api-keys
├ ○ /dashboard/settings/billing
├ ○ /dashboard/settings/business
├ ○ /dashboard/settings/hours
├ ○ /dashboard/settings/team
├ ○ /dashboard/voice-agent
├ ○ /dashboard/voice-agent/analytics
├ ○ /dashboard/voice-agent/chat
├ ○ /dashboard/voice-agent/control-center
├ ○ /dashboard/voice-agent/create
├ ○ /dashboard/voice-agent/knowledge-base
├ ○ /dashboard/voice-agent/phone-numbers/buy
├ ○ /dashboard/voice-agent/test
├ ○ /dashboard/voice-agent/tools
├ ○ /dashboard/voice-agent/voice
├ ○ /dashboard/whatsapp
├ ○ /login
├ ○ /onboarding
├ ○ /payment/cancel
├ ○ /payment/mock-checkout
├ ○ /payment/success
└ ○ /signup


○  (Static)   prerendered as static content
ƒ  (Dynamic)  server-rendered on demand

