
[1m[96m======================================================================[0m
[1m[96m             AI RECEPTIONIST - COMPREHENSIVE SYSTEM TEST              [0m
[1m[96m======================================================================[0m

[94m[TEST][0m Health Check... [92m✓ PASSED[0m
  [1mStatus:[0m "healthy"
  [1mDatabase:[0m "connected"
[94m[TEST][0m Root Endpoint... [92m✓ PASSED[0m
  [1mMessage:[0m "\ud83e\udd16 AI Receptionist API is running!"
[94m[TEST][0m Create Admin User... [91m✗ FAILED: Status code: 500, Response: {"detail":"Failed to register user"}[0m
[94m[TEST][0m User Login... [91m✗ FAILED: Status code: 401, Response: {"detail":"Incorrect username or password"}[0m
[93mℹ Creating default admin user...[0m
[94m[TEST][0m Create Service... [92m✓ Created 0 services[0m
[94m[TEST][0m List All Services... [92m✓ Found 3 services[0m
  - Haircut: $25.0 (30 min)
  - Beard Trim: $15.0 (20 min)
  - Hot Shave: $20.0 (25 min)
[94m[TEST][0m Create Appointment... [92m✓ PASSED[0m
  [1mAppointment ID:[0m "69163e6840045daebd86fac5"
  [1mCustomer:[0m "John Doe"
  [1mService:[0m "Haircut"
  [1mTime:[0m "2025-11-14T14:00:00"
[94m[TEST][0m List All Appointments... [92m✓ Found 2 appointments[0m
  - John Doe | Haircut | confirmed
  - John Doe | Haircut | confirmed
[94m[TEST][0m Get Appointment by ID... [92m✓ PASSED[0m
  [1mCustomer:[0m "John Doe"
  [1mPhone:[0m "+1234567890"
[94m[TEST][0m Update Appointment Status... [92m✓ PASSED[0m
  [1mNew Status:[0m "confirmed"
[94m[TEST][0m Get Appointment Statistics... [92m✓ PASSED[0m
  [1mTotal Appointments:[0m null
  [1mBy Status:[0m {
  "confirmed": 2
}
[94m[TEST][0m SMS Webhook (Simulated)... [92m✓ PASSED[0m
[93mℹ Response (TwiML):[0m
  <?xml version="1.0" encoding="UTF-8"?><Response><Message>Hello, welcome to Royal Fade Barbershop. I'd be happy to help you book a haircut. Can you please tell me your name?</Message></Response>...
[94m[TEST][0m Check ngrok Status... [92m✓ PASSED[0m
  [1mPublic URL:[0m "https://nonsustainable-delaine-grabbable.ngrok-free.dev"
[93mℹ Use this URL for Twilio webhooks: https://nonsustainable-delaine-grabbable.ngrok-free.dev/api/v1/webhook/sms[0m

[1m[96m======================================================================[0m
[1m[96m                             TEST SUMMARY                             [0m
[1m[96m======================================================================[0m


[1mResults:[0m
  Server Health                  [92m✓ PASSED[0m
  Root Endpoint                  [92m✓ PASSED[0m
  Create Admin User              [91m✗ FAILED[0m
  User Login                     [91m✗ FAILED[0m
  Create Services                [92m✓ PASSED[0m
  List Services                  [92m✓ PASSED[0m
  Create Appointment             [92m✓ PASSED[0m
  List Appointments              [92m✓ PASSED[0m
  Get Appointment by ID          [92m✓ PASSED[0m
  Update Appointment             [92m✓ PASSED[0m
  Appointment Statistics         [92m✓ PASSED[0m
  SMS Webhook                    [92m✓ PASSED[0m
  ngrok Status                   [92m✓ PASSED[0m

[1mOverall:[0m 11/13 tests passed

[93m[1m⚠ Some tests failed. Check the output above for details.[0m
