nohup: ignoring input
INFO:     Loading environment from '.env'
WhatsApp Cloud API credentials not configured
2025-12-11 21:44:45,797 - main - INFO - ✅ Error handling middleware enabled
2025-12-11 21:44:45,797 - main - INFO - ✅ CORS configured for: http://localhost:3000
2025-12-11 21:44:45,875 - services.stripe_service - INFO - 🧪 STRIPE MOCK MODE ENABLED - No real charges will be made
2025-12-11 21:44:45,876 - services.mock_stripe_service - INFO - 🧪 MockStripeService initialized - NO REAL CHARGES WILL BE MADE
INFO:     Started server process [32273]
INFO:     Waiting for application startup.
2025-12-11 21:44:47,253 - main - INFO - 🚀 Starting AI Receptionist application...
2025-12-11 21:44:47,253 - database.mongo_config - INFO - Connecting to MongoDB at mongodb://localhost:27017/ai_barber_receptionist
2025-12-11 21:44:47,282 - database.mongo_config - INFO - ✅ Successfully connected to MongoDB database: ai_barber_receptionist
2025-12-11 21:44:47,287 - database.mongo_config - INFO - ✅ Database indexes created successfully
2025-12-11 21:44:47,287 - main - INFO - ✅ Error logging system initialized
2025-12-11 21:44:47,287 - main - INFO - ✅ Application startup complete!
INFO:     Application startup complete.
INFO:     Uvicorn running on http://127.0.0.1:8000 (Press CTRL+C to quit)
INFO:     127.0.0.1:36418 - "GET /api/v1/voice-providers HTTP/1.1" 401 Unauthorized
INFO:     Shutting down
INFO:     Waiting for application shutdown.
2025-12-11 21:47:06,662 - main - INFO - 🛑 Shutting down AI Receptionist application...
2025-12-11 21:47:06,664 - database.mongo_config - INFO - Closing MongoDB connection...
2025-12-11 21:47:06,665 - database.mongo_config - INFO - ✅ MongoDB connection closed
2025-12-11 21:47:06,665 - main - INFO - ✅ Application shutdown complete!
INFO:     Application shutdown complete.
INFO:     Finished server process [32273]
