nohup: ignoring input
INFO:     Loading environment from '.env'
WhatsApp Cloud API credentials not configured
2025-12-11 18:00:42,529 - main - INFO - ✅ Error handling middleware enabled
2025-12-11 18:00:42,529 - main - INFO - ✅ CORS configured for: http://localhost:3000
2025-12-11 18:00:42,607 - services.stripe_service - INFO - 🧪 STRIPE MOCK MODE ENABLED - No real charges will be made
2025-12-11 18:00:42,608 - services.mock_stripe_service - INFO - 🧪 MockStripeService initialized - NO REAL CHARGES WILL BE MADE
INFO:     Started server process [65635]
INFO:     Waiting for application startup.
2025-12-11 18:00:44,552 - main - INFO - 🚀 Starting AI Receptionist application...
2025-12-11 18:00:44,552 - database.mongo_config - INFO - Connecting to MongoDB at mongodb://localhost:27017/ai_barber_receptionist
2025-12-11 18:00:44,583 - database.mongo_config - INFO - ✅ Successfully connected to MongoDB database: ai_barber_receptionist
2025-12-11 18:00:44,592 - database.mongo_config - INFO - ✅ Database indexes created successfully
2025-12-11 18:00:44,592 - main - INFO - ✅ Error logging system initialized
2025-12-11 18:00:44,592 - main - INFO - ✅ Application startup complete!
INFO:     Application startup complete.
INFO:     Uvicorn running on http://127.0.0.1:8000 (Press CTRL+C to quit)
INFO:     Shutting down
INFO:     Waiting for application shutdown.
2025-12-11 18:02:24,860 - main - INFO - 🛑 Shutting down AI Receptionist application...
2025-12-11 18:02:24,872 - database.mongo_config - INFO - Closing MongoDB connection...
2025-12-11 18:02:24,873 - database.mongo_config - INFO - ✅ MongoDB connection closed
2025-12-11 18:02:24,873 - main - INFO - ✅ Application shutdown complete!
INFO:     Application shutdown complete.
INFO:     Finished server process [65635]
