nohup: ignoring input
INFO:     Loading environment from '.env'
WhatsApp Cloud API credentials not configured
2025-12-11 20:08:06,757 - main - INFO - ✅ Error handling middleware enabled
2025-12-11 20:08:06,757 - main - INFO - ✅ CORS configured for: http://localhost:3000
2025-12-11 20:08:06,803 - services.stripe_service - INFO - 🧪 STRIPE MOCK MODE ENABLED - No real charges will be made
2025-12-11 20:08:06,803 - services.mock_stripe_service - INFO - 🧪 MockStripeService initialized - NO REAL CHARGES WILL BE MADE
INFO:     Started server process [8466]
INFO:     Waiting for application startup.
2025-12-11 20:08:07,883 - main - INFO - 🚀 Starting AI Receptionist application...
2025-12-11 20:08:07,884 - database.mongo_config - INFO - Connecting to MongoDB at mongodb://localhost:27017/ai_barber_receptionist
2025-12-11 20:08:07,892 - database.mongo_config - INFO - ✅ Successfully connected to MongoDB database: ai_barber_receptionist
2025-12-11 20:08:07,896 - database.mongo_config - INFO - ✅ Database indexes created successfully
2025-12-11 20:08:07,897 - main - INFO - ✅ Error logging system initialized
2025-12-11 20:08:07,897 - main - INFO - ✅ Application startup complete!
INFO:     Application startup complete.
INFO:     Uvicorn running on http://127.0.0.1:8000 (Press CTRL+C to quit)
2025-12-11 20:09:15,202 - routers.users - INFO - ✅ Created default business_config for tenant 693b16dba2a5f2c50717bae8
2025-12-11 20:09:15,202 - routers.users - INFO - 🤖 Triggering auto-provisioning for new tenant...
2025-12-11 20:09:15,202 - services.provisioning - INFO - 🤖 Starting Vapi provisioning for tenant 693b16dba2a5f2c50717bae8 (Auto Test 480154's Business)
2025-12-11 20:09:15,202 - services.provisioning - INFO -    Creating Vapi assistant...
2025-12-11 20:09:16,299 - httpx - INFO - HTTP Request: POST https://api.vapi.ai/assistant "HTTP/1.1 201 Created"
2025-12-11 20:09:16,301 - services.vapi_service - INFO - Created Vapi assistant 3eedfc4a-6a1d-4919-a903-207ee8bf6f0f for tenant 693b16dba2a5f2c50717bae8
2025-12-11 20:09:16,301 - services.provisioning - INFO -    ✅ Assistant created: 3eedfc4a-6a1d-4919-a903-207ee8bf6f0f
2025-12-11 20:09:16,302 - services.provisioning - INFO -    Enabling 2 core tools...
2025-12-11 20:09:16,302 - services.provisioning - INFO -    Enabling 2 core tools...
2025-12-11 20:09:17,141 - httpx - INFO - HTTP Request: PATCH https://api.vapi.ai/assistant/3eedfc4a-6a1d-4919-a903-207ee8bf6f0f "HTTP/1.1 400 Bad Request"
2025-12-11 20:09:17,142 - services.vapi_service - ERROR - Vapi API Update Error Body: {"message":["property tools should not exist"],"error":"Bad Request","statusCode":400}
2025-12-11 20:09:17,142 - services.vapi_service - ERROR - Failed to update Vapi assistant: Client error '400 Bad Request' for url 'https://api.vapi.ai/assistant/3eedfc4a-6a1d-4919-a903-207ee8bf6f0f'
For more information check: https://developer.mozilla.org/en-US/docs/Web/HTTP/Status/400
2025-12-11 20:09:17,142 - services.provisioning - ERROR - ❌ Vapi provisioning failed for tenant 693b16dba2a5f2c50717bae8: Client error '400 Bad Request' for url 'https://api.vapi.ai/assistant/3eedfc4a-6a1d-4919-a903-207ee8bf6f0f'
For more information check: https://developer.mozilla.org/en-US/docs/Web/HTTP/Status/400
Traceback (most recent call last):
  File "/home/montassar/Desktop/ai_receptionist/backend/services/provisioning.py", line 135, in provision_tenant_assistant
    await vapi_service.update_assistant(
  File "/home/montassar/Desktop/ai_receptionist/backend/services/vapi_service.py", line 203, in update_assistant
    response.raise_for_status()
  File "/home/montassar/.local/lib/python3.10/site-packages/httpx/_models.py", line 759, in raise_for_status
    raise HTTPStatusError(message, request=request, response=self)
httpx.HTTPStatusError: Client error '400 Bad Request' for url 'https://api.vapi.ai/assistant/3eedfc4a-6a1d-4919-a903-207ee8bf6f0f'
For more information check: https://developer.mozilla.org/en-US/docs/Web/HTTP/Status/400
2025-12-11 20:09:17,144 - routers.users - INFO - ✅ User registered and tenant created: auto_test_480154@provisioning.com (Tenant: 693b16dba2a5f2c50717bae8)
2025-12-11 20:09:17,149 - utils.error_logger - WARNING - Slow endpoint: POST /api/v1/users/register took 2101.006031036377ms
❌ [DEBUG] Vapi provisioning failed: Client error '400 Bad Request' for url 'https://api.vapi.ai/assistant/3eedfc4a-6a1d-4919-a903-207ee8bf6f0f'
For more information check: https://developer.mozilla.org/en-US/docs/Web/HTTP/Status/400
INFO:     127.0.0.1:59184 - "POST /api/v1/users/register HTTP/1.1" 201 Created
INFO:     127.0.0.1:59184 - "GET /api/v1/assistant/me HTTP/1.1" 200 OK
INFO:     Shutting down
INFO:     Waiting for application shutdown.
2025-12-11 20:10:26,362 - main - INFO - 🛑 Shutting down AI Receptionist application...
2025-12-11 20:10:26,363 - database.mongo_config - INFO - Closing MongoDB connection...
2025-12-11 20:10:26,364 - database.mongo_config - INFO - ✅ MongoDB connection closed
2025-12-11 20:10:26,364 - main - INFO - ✅ Application shutdown complete!
INFO:     Application shutdown complete.
INFO:     Finished server process [8466]
