nohup: ignoring input
INFO:     Loading environment from '.env'
WhatsApp Cloud API credentials not configured
2025-12-11 20:16:16,425 - main - INFO - ✅ Error handling middleware enabled
2025-12-11 20:16:16,425 - main - INFO - ✅ CORS configured for: http://localhost:3000
2025-12-11 20:16:16,495 - services.stripe_service - INFO - 🧪 STRIPE MOCK MODE ENABLED - No real charges will be made
2025-12-11 20:16:16,496 - services.mock_stripe_service - INFO - 🧪 MockStripeService initialized - NO REAL CHARGES WILL BE MADE
INFO:     Started server process [11689]
INFO:     Waiting for application startup.
2025-12-11 20:16:17,846 - main - INFO - 🚀 Starting AI Receptionist application...
2025-12-11 20:16:17,846 - database.mongo_config - INFO - Connecting to MongoDB at mongodb://localhost:27017/ai_barber_receptionist
2025-12-11 20:16:17,854 - database.mongo_config - INFO - ✅ Successfully connected to MongoDB database: ai_barber_receptionist
2025-12-11 20:16:17,862 - database.mongo_config - INFO - ✅ Database indexes created successfully
2025-12-11 20:16:17,862 - main - INFO - ✅ Error logging system initialized
2025-12-11 20:16:17,862 - main - INFO - ✅ Application startup complete!
INFO:     Application startup complete.
INFO:     Uvicorn running on http://127.0.0.1:8000 (Press CTRL+C to quit)
2025-12-11 20:16:33,129 - routers.users - INFO - ✅ Created default business_config for tenant 693b1891e5a8291555af75c8
2025-12-11 20:16:33,129 - routers.users - INFO - 🤖 Triggering auto-provisioning for new tenant...
2025-12-11 20:16:33,129 - services.provisioning - INFO - 🤖 Starting Vapi provisioning for tenant 693b1891e5a8291555af75c8 (Auto Test 480592's Business)
2025-12-11 20:16:33,129 - services.provisioning - INFO -    Creating Vapi assistant...
2025-12-11 20:16:33,929 - httpx - INFO - HTTP Request: POST https://api.vapi.ai/assistant "HTTP/1.1 201 Created"
2025-12-11 20:16:33,930 - services.vapi_service - INFO - Created Vapi assistant 6b73d1f7-8124-4a8a-a59e-0806e7e161fe for tenant 693b1891e5a8291555af75c8
2025-12-11 20:16:33,930 - services.provisioning - INFO -    ✅ Assistant created: 6b73d1f7-8124-4a8a-a59e-0806e7e161fe
2025-12-11 20:16:33,930 - services.provisioning - INFO -    Enabling 2 core tools...
2025-12-11 20:16:33,930 - services.provisioning - INFO -    Enabling 2 core tools...
2025-12-11 20:16:35,116 - httpx - INFO - HTTP Request: GET https://api.vapi.ai/assistant/6b73d1f7-8124-4a8a-a59e-0806e7e161fe "HTTP/1.1 200 OK"
2025-12-11 20:16:35,747 - httpx - INFO - HTTP Request: PATCH https://api.vapi.ai/assistant/6b73d1f7-8124-4a8a-a59e-0806e7e161fe "HTTP/1.1 200 OK"
2025-12-11 20:16:35,748 - services.vapi_service - INFO - Updated Vapi assistant 6b73d1f7-8124-4a8a-a59e-0806e7e161fe
2025-12-11 20:16:35,748 - services.provisioning - INFO -    ✅ Core tools enabled
2025-12-11 20:16:35,764 - services.provisioning - INFO -    ✅ Tenant record updated
2025-12-11 20:16:35,766 - routers.users - INFO - ✅ User registered and tenant created: auto_test_480592@provisioning.com (Tenant: 693b1891e5a8291555af75c8)
2025-12-11 20:16:35,773 - utils.error_logger - WARNING - Slow endpoint: POST /api/v1/users/register took 2764.354467391968ms
INFO:     127.0.0.1:60284 - "POST /api/v1/users/register HTTP/1.1" 201 Created
2025-12-11 20:16:36,877 - httpx - INFO - HTTP Request: GET https://api.vapi.ai/assistant/6b73d1f7-8124-4a8a-a59e-0806e7e161fe "HTTP/1.1 200 OK"
INFO:     127.0.0.1:60284 - "GET /api/v1/assistant/me HTTP/1.1" 200 OK
INFO:     Shutting down
INFO:     Waiting for application shutdown.
2025-12-11 20:18:05,086 - main - INFO - 🛑 Shutting down AI Receptionist application...
2025-12-11 20:18:05,086 - database.mongo_config - INFO - Closing MongoDB connection...
2025-12-11 20:18:05,087 - database.mongo_config - INFO - ✅ MongoDB connection closed
2025-12-11 20:18:05,087 - main - INFO - ✅ Application shutdown complete!
INFO:     Application shutdown complete.
INFO:     Finished server process [11689]
