nohup: ignoring input
INFO:     Loading environment from '.env'
WhatsApp Cloud API credentials not configured
2025-12-11 20:06:00,623 - main - INFO - ✅ Error handling middleware enabled
2025-12-11 20:06:00,623 - main - INFO - ✅ CORS configured for: http://localhost:3000
2025-12-11 20:06:00,669 - services.stripe_service - INFO - 🧪 STRIPE MOCK MODE ENABLED - No real charges will be made
2025-12-11 20:06:00,669 - services.mock_stripe_service - INFO - 🧪 MockStripeService initialized - NO REAL CHARGES WILL BE MADE
INFO:     Started server process [6339]
INFO:     Waiting for application startup.
2025-12-11 20:06:01,801 - main - INFO - 🚀 Starting AI Receptionist application...
2025-12-11 20:06:01,801 - database.mongo_config - INFO - Connecting to MongoDB at mongodb://localhost:27017/ai_barber_receptionist
2025-12-11 20:06:01,828 - database.mongo_config - INFO - ✅ Successfully connected to MongoDB database: ai_barber_receptionist
2025-12-11 20:06:01,833 - database.mongo_config - INFO - ✅ Database indexes created successfully
2025-12-11 20:06:01,833 - main - INFO - ✅ Error logging system initialized
2025-12-11 20:06:01,833 - main - INFO - ✅ Application startup complete!
INFO:     Application startup complete.
INFO:     Uvicorn running on http://127.0.0.1:8000 (Press CTRL+C to quit)
2025-12-11 20:06:08,029 - routers.users - INFO - ✅ Created default business_config for tenant 693b16200a3da4d355e7a8e8
2025-12-11 20:06:08,029 - routers.users - INFO - 🤖 Triggering auto-provisioning for new tenant...
2025-12-11 20:06:08,029 - services.provisioning - INFO - 🤖 Starting Vapi provisioning for tenant 693b16200a3da4d355e7a8e8 (Auto Test 479967's Business)
2025-12-11 20:06:08,029 - services.provisioning - INFO -    Creating Vapi assistant...
2025-12-11 20:06:10,066 - httpx - INFO - HTTP Request: POST https://api.vapi.ai/assistant "HTTP/1.1 201 Created"
2025-12-11 20:06:10,067 - services.vapi_service - INFO - Created Vapi assistant 5d88fd6e-16cf-453c-ae6a-5d9e9b82b559 for tenant 693b16200a3da4d355e7a8e8
2025-12-11 20:06:10,068 - services.provisioning - INFO -    ✅ Assistant created: 5d88fd6e-16cf-453c-ae6a-5d9e9b82b559
2025-12-11 20:06:10,068 - services.provisioning - INFO -    Enabling 2 core tools...
2025-12-11 20:06:10,068 - services.provisioning - INFO -    Enabling 2 core tools...
2025-12-11 20:06:10,782 - httpx - INFO - HTTP Request: PATCH https://api.vapi.ai/assistant/5d88fd6e-16cf-453c-ae6a-5d9e9b82b559 "HTTP/1.1 400 Bad Request"
2025-12-11 20:06:10,783 - services.vapi_service - ERROR - Failed to update Vapi assistant: Client error '400 Bad Request' for url 'https://api.vapi.ai/assistant/5d88fd6e-16cf-453c-ae6a-5d9e9b82b559'
For more information check: https://developer.mozilla.org/en-US/docs/Web/HTTP/Status/400
2025-12-11 20:06:10,783 - services.provisioning - ERROR - ❌ Vapi provisioning failed for tenant 693b16200a3da4d355e7a8e8: Client error '400 Bad Request' for url 'https://api.vapi.ai/assistant/5d88fd6e-16cf-453c-ae6a-5d9e9b82b559'
For more information check: https://developer.mozilla.org/en-US/docs/Web/HTTP/Status/400
Traceback (most recent call last):
  File "/home/montassar/Desktop/ai_receptionist/backend/services/provisioning.py", line 135, in provision_tenant_assistant
    await vapi_service.update_assistant(
  File "/home/montassar/Desktop/ai_receptionist/backend/services/vapi_service.py", line 203, in update_assistant
    response.raise_for_status()
  File "/home/montassar/.local/lib/python3.10/site-packages/httpx/_models.py", line 759, in raise_for_status
    raise HTTPStatusError(message, request=request, response=self)
httpx.HTTPStatusError: Client error '400 Bad Request' for url 'https://api.vapi.ai/assistant/5d88fd6e-16cf-453c-ae6a-5d9e9b82b559'
For more information check: https://developer.mozilla.org/en-US/docs/Web/HTTP/Status/400
2025-12-11 20:06:10,806 - routers.users - INFO - ✅ User registered and tenant created: auto_test_479967@provisioning.com (Tenant: 693b16200a3da4d355e7a8e8)
2025-12-11 20:06:10,812 - utils.error_logger - WARNING - Slow endpoint: POST /api/v1/users/register took 2890.5985355377197ms
❌ [DEBUG] Vapi provisioning failed: Client error '400 Bad Request' for url 'https://api.vapi.ai/assistant/5d88fd6e-16cf-453c-ae6a-5d9e9b82b559'
For more information check: https://developer.mozilla.org/en-US/docs/Web/HTTP/Status/400
INFO:     127.0.0.1:43238 - "POST /api/v1/users/register HTTP/1.1" 201 Created
INFO:     127.0.0.1:43238 - "GET /api/v1/assistant/me HTTP/1.1" 200 OK
INFO:     Shutting down
INFO:     Waiting for application shutdown.
2025-12-11 20:08:05,882 - main - INFO - 🛑 Shutting down AI Receptionist application...
2025-12-11 20:08:05,882 - database.mongo_config - INFO - Closing MongoDB connection...
2025-12-11 20:08:05,883 - database.mongo_config - INFO - ✅ MongoDB connection closed
2025-12-11 20:08:05,883 - main - INFO - ✅ Application shutdown complete!
INFO:     Application shutdown complete.
INFO:     Finished server process [6339]
