
> my-v0-project@0.1.0 dev
> next dev

 ⚠ Warning: Next.js inferred your workspace root, but it may not be correct.
 We detected multiple lockfiles and selected the directory of /home/montassar/Desktop/ai_receptionist/package-lock.json as the root directory.
 To silence this warning, set `turbopack.root` in your Next.js config, or consider removing one of the lockfiles if it's not needed.
   See https://nextjs.org/docs/app/api-reference/config/next-config-js/turbopack#root-directory for more information.
 Detected additional lockfiles: 
   * /home/montassar/Desktop/ai_receptionist/frontend_next/package-lock.json

   ▲ Next.js 16.0.7 (Turbopack)
   - Local:         http://localhost:3000
   - Network:       http://192.168.1.29:3000
   - Environments: .env.local

 ✓ Starting...
 ✓ Ready in 1568ms
 ○ Compiling /dashboard/settings/ai ...
 GET /dashboard/settings/ai 200 in 7.6s (compile: 7.2s, render: 487ms)
 GET /login 200 in 1497ms (compile: 1428ms, render: 69ms)
 GET /login 200 in 167ms (compile: 10ms, render: 157ms)
 GET /login 200 in 322ms (compile: 82ms, render: 241ms)
 GET /login 200 in 243ms (compile: 16ms, render: 227ms)
 ○ Compiling /dashboard ...
 GET /dashboard 200 in 6.0s (compile: 5.1s, render: 940ms)
 GET /dashboard/settings/business 200 in 3.0s (compile: 2.9s, render: 131ms)
 GET /dashboard/settings 200 in 2.2s (compile: 2.2s, render: 74ms)
 GET /dashboard/settings/ai 200 in 590ms (compile: 333ms, render: 257ms)
 GET /dashboard/voice-agent/control-center 200 in 2.3s (compile: 2.1s, render: 172ms)
 GET /dashboard/voice-agent/control-center 200 in 95ms (compile: 8ms, render: 87ms)
 GET /dashboard/voice-agent/test 200 in 2.2s (compile: 2.1s, render: 135ms)
 GET /dashboard/voice-agent/control-center 200 in 55ms (compile: 7ms, render: 48ms)
 GET /dashboard/voice-agent/control-center 200 in 2.5s (compile: 164ms, render: 2.3s)
 GET /dashboard/voice-agent/test 200 in 264ms (compile: 36ms, render: 228ms)
 GET /dashboard/voice-agent/control-center 200 in 82ms (compile: 13ms, render: 69ms)
 ✓ Compiled in 829ms
 ✓ Compiled in 902ms
 ✓ Compiled in 487ms
 ✓ Compiled in 615ms
 GET /dashboard/voice-agent/control-center 200 in 1208ms (compile: 365ms, render: 843ms)
 ✓ Compiled in 990ms
 GET /dashboard/voice-agent/control-center 200 in 1214ms (compile: 343ms, render: 870ms)
 GET /login 200 in 271ms (compile: 139ms, render: 132ms)
 GET /dashboard 200 in 1396ms (compile: 456ms, render: 940ms)
 GET /dashboard/voice-agent/test 200 in 396ms (compile: 212ms, render: 184ms)
 GET /login 200 in 403ms (compile: 9ms, render: 394ms)
 GET /dashboard/voice-agent/control-center 200 in 407ms (compile: 118ms, render: 289ms)
 GET /login 200 in 137ms (compile: 10ms, render: 127ms)
 GET /dashboard 200 in 136ms (compile: 9ms, render: 127ms)
 GET /dashboard/voice-agent/test 200 in 44ms (compile: 6ms, render: 38ms)
 GET /dashboard/voice-agent/test 200 in 676ms (compile: 18ms, render: 658ms)
 GET /dashboard/voice-agent/test 200 in 1281ms (compile: 760ms, render: 521ms)
 GET /dashboard/voice-agent/control-center 200 in 1302ms (compile: 1052ms, render: 250ms)
 GET /dashboard/voice-agent/test 200 in 177ms (compile: 43ms, render: 134ms)
 GET /dashboard/voice-agent/control-center 200 in 67ms (compile: 8ms, render: 58ms)
 GET /dashboard/voice-agent/test 200 in 109ms (compile: 9ms, render: 100ms)
 GET /dashboard/voice-agent/control-center 200 in 49ms (compile: 5ms, render: 43ms)
 GET /dashboard/voice-agent/control-center 200 in 93ms (compile: 8ms, render: 85ms)
 GET /dashboard/voice-agent/test 200 in 91ms (compile: 46ms, render: 44ms)
 GET /dashboard/voice-agent/test 200 in 110ms (compile: 8ms, render: 103ms)
 GET /dashboard/voice-agent/control-center 200 in 74ms (compile: 10ms, render: 64ms)
 GET /dashboard/voice-agent/control-center 200 in 83ms (compile: 9ms, render: 75ms)
 GET /dashboard/voice-agent/test 200 in 84ms (compile: 46ms, render: 38ms)
 GET /dashboard/voice-agent/test 200 in 223ms (compile: 14ms, render: 209ms)
 GET /dashboard/voice-agent/control-center 200 in 221ms (compile: 65ms, render: 156ms)
 GET /dashboard/voice-agent/test 200 in 107ms (compile: 16ms, render: 91ms)
 GET /dashboard/voice-agent/control-center 200 in 47ms (compile: 9ms, render: 37ms)
 GET /dashboard/voice-agent/test 200 in 99ms (compile: 19ms, render: 80ms)
 GET /dashboard/voice-agent/control-center 200 in 100ms (compile: 41ms, render: 59ms)
 GET /dashboard/voice-agent/test 200 in 89ms (compile: 9ms, render: 80ms)
 GET /dashboard/voice-agent/control-center 200 in 93ms (compile: 35ms, render: 57ms)
 GET /dashboard/voice-agent/test 200 in 166ms (compile: 10ms, render: 157ms)
 GET /dashboard/voice-agent/control-center 200 in 166ms (compile: 74ms, render: 92ms)
 GET /dashboard/voice-agent/test 200 in 89ms (compile: 47ms, render: 43ms)
 GET /dashboard/voice-agent/control-center 200 in 98ms (compile: 9ms, render: 88ms)
 GET /dashboard/voice-agent/test 200 in 155ms (compile: 9ms, render: 146ms)
 GET /dashboard/voice-agent/control-center 200 in 155ms (compile: 69ms, render: 86ms)
 GET /dashboard/voice-agent/test 200 in 102ms (compile: 59ms, render: 42ms)
 GET /dashboard/voice-agent/control-center 200 in 109ms (compile: 11ms, render: 98ms)
 GET /dashboard/voice-agent/test 200 in 125ms (compile: 8ms, render: 117ms)
 GET /dashboard/voice-agent/control-center 200 in 127ms (compile: 59ms, render: 68ms)
 GET /dashboard/voice-agent/control-center 200 in 85ms (compile: 6ms, render: 79ms)
 GET /dashboard/voice-agent/test 200 in 86ms (compile: 51ms, render: 34ms)
 GET /dashboard/voice-agent/test 200 in 89ms (compile: 18ms, render: 71ms)
 GET /dashboard/voice-agent/control-center 200 in 92ms (compile: 46ms, render: 47ms)
 GET /dashboard/voice-agent/test 200 in 99ms (compile: 6ms, render: 93ms)
 GET /dashboard/voice-agent/control-center 200 in 100ms (compile: 43ms, render: 57ms)
 GET /dashboard/voice-agent/control-center 200 in 138ms (compile: 70ms, render: 67ms)
 GET /dashboard/voice-agent/test 200 in 146ms (compile: 12ms, render: 135ms)
 GET /dashboard/voice-agent/control-center 200 in 141ms (compile: 16ms, render: 125ms)
 GET /dashboard/voice-agent/test 200 in 141ms (compile: 82ms, render: 59ms)
 GET /dashboard/voice-agent/control-center 200 in 130ms (compile: 14ms, render: 116ms)
 GET /dashboard/voice-agent/test 200 in 128ms (compile: 59ms, render: 69ms)
 GET /dashboard/voice-agent/control-center 200 in 112ms (compile: 5ms, render: 107ms)
 GET /dashboard/voice-agent/test 200 in 119ms (compile: 63ms, render: 55ms)
 GET /dashboard/voice-agent/control-center 200 in 118ms (compile: 9ms, render: 109ms)
 GET /dashboard/voice-agent/test 200 in 128ms (compile: 65ms, render: 63ms)
 GET /dashboard/voice-agent/control-center 200 in 98ms (compile: 10ms, render: 88ms)
 GET /dashboard/voice-agent/test 200 in 97ms (compile: 52ms, render: 46ms)
 GET /dashboard/voice-agent/control-center 200 in 102ms (compile: 6ms, render: 96ms)
 GET /dashboard/voice-agent/test 200 in 105ms (compile: 43ms, render: 62ms)
 GET /dashboard/voice-agent/control-center 200 in 105ms (compile: 12ms, render: 93ms)
 GET /dashboard/voice-agent/test 200 in 106ms (compile: 48ms, render: 57ms)
 GET /dashboard/voice-agent/test 200 in 159ms (compile: 15ms, render: 144ms)
 GET /dashboard/voice-agent/control-center 200 in 166ms (compile: 78ms, render: 88ms)
 GET /dashboard/voice-agent/test 200 in 127ms (compile: 61ms, render: 66ms)
 GET /dashboard/voice-agent/control-center 200 in 136ms (compile: 14ms, render: 122ms)
 GET /dashboard/voice-agent/test 200 in 214ms (compile: 87ms, render: 128ms)
 GET /dashboard/voice-agent/control-center 200 in 226ms (compile: 15ms, render: 212ms)
 GET /dashboard/voice-agent/control-center 200 in 160ms (compile: 13ms, render: 147ms)
 GET /dashboard/voice-agent/test 200 in 161ms (compile: 81ms, render: 81ms)
 GET /dashboard/voice-agent/test 200 in 197ms (compile: 14ms, render: 183ms)
 GET /dashboard/voice-agent/control-center 200 in 137ms (compile: 9ms, render: 129ms)
 GET /dashboard/voice-agent/control-center 200 in 157ms (compile: 40ms, render: 116ms)
 GET /dashboard/voice-agent/test 200 in 145ms (compile: 88ms, render: 56ms)
 GET /dashboard/voice-agent/control-center 200 in 240ms (compile: 30ms, render: 210ms)
 GET /dashboard/voice-agent/test 200 in 251ms (compile: 102ms, render: 149ms)
 GET /dashboard/voice-agent/control-center 200 in 397ms (compile: 20ms, render: 377ms)
 GET /dashboard/voice-agent/test 200 in 395ms (compile: 107ms, render: 287ms)
 GET /dashboard/voice-agent/control-center 200 in 180ms (compile: 84ms, render: 97ms)
 GET /dashboard/voice-agent/test 200 in 195ms (compile: 22ms, render: 173ms)
 GET /dashboard/voice-agent/test 200 in 128ms (compile: 11ms, render: 117ms)
 GET /dashboard/voice-agent/control-center 200 in 129ms (compile: 67ms, render: 62ms)
 GET /dashboard/voice-agent/test 200 in 97ms (compile: 55ms, render: 42ms)
 GET /dashboard/voice-agent/control-center 200 in 105ms (compile: 12ms, render: 93ms)
 GET /dashboard/voice-agent/control-center 200 in 132ms (compile: 13ms, render: 119ms)
 GET /dashboard/voice-agent/test 200 in 132ms (compile: 59ms, render: 74ms)
 GET /dashboard/voice-agent/test 200 in 117ms (compile: 17ms, render: 100ms)
 GET /dashboard/voice-agent/control-center 200 in 120ms (compile: 63ms, render: 57ms)
 GET /dashboard/voice-agent/test 200 in 137ms (compile: 15ms, render: 122ms)
 GET /dashboard/voice-agent/control-center 200 in 138ms (compile: 62ms, render: 76ms)
 GET /dashboard/voice-agent/test 200 in 171ms (compile: 10ms, render: 160ms)
 GET /dashboard/voice-agent/control-center 200 in 172ms (compile: 90ms, render: 82ms)
 GET /dashboard/voice-agent/test 200 in 205ms (compile: 17ms, render: 189ms)
 GET /dashboard/voice-agent/control-center 200 in 115ms (compile: 19ms, render: 96ms)
 GET /dashboard/voice-agent/test 200 in 172ms (compile: 12ms, render: 160ms)
 GET /dashboard/voice-agent/control-center 200 in 102ms (compile: 13ms, render: 89ms)
 GET /dashboard/voice-agent/test 200 in 142ms (compile: 15ms, render: 127ms)
 GET /dashboard/voice-agent/control-center 200 in 143ms (compile: 65ms, render: 78ms)
 GET /dashboard/voice-agent/control-center 200 in 152ms (compile: 12ms, render: 140ms)
 GET /dashboard/voice-agent/test 200 in 154ms (compile: 79ms, render: 75ms)
 GET /dashboard/voice-agent/control-center 200 in 130ms (compile: 7ms, render: 122ms)
 GET /dashboard/voice-agent/test 200 in 142ms (compile: 65ms, render: 77ms)
 GET /dashboard/voice-agent/control-center 200 in 118ms (compile: 10ms, render: 108ms)
 GET /dashboard/voice-agent/test 200 in 122ms (compile: 58ms, render: 64ms)
 GET /dashboard/voice-agent/control-center 200 in 154ms (compile: 25ms, render: 129ms)
 GET /dashboard/voice-agent/test 200 in 151ms (compile: 71ms, render: 80ms)
 GET /dashboard/voice-agent/test 200 in 144ms (compile: 14ms, render: 129ms)
 GET /dashboard/voice-agent/control-center 200 in 143ms (compile: 76ms, render: 66ms)
 GET /dashboard/voice-agent/test 200 in 78ms (compile: 13ms, render: 66ms)
 GET /dashboard/voice-agent/control-center 200 in 182ms (compile: 22ms, render: 160ms)
 GET /dashboard/voice-agent/test 200 in 248ms (compile: 19ms, render: 228ms)
 GET /dashboard/voice-agent/control-center 200 in 171ms (compile: 50ms, render: 122ms)
 GET /dashboard/voice-agent/test 200 in 116ms (compile: 14ms, render: 103ms)
 GET /dashboard/voice-agent/control-center 200 in 239ms (compile: 24ms, render: 214ms)
 GET /dashboard/voice-agent/test 200 in 98ms (compile: 19ms, render: 79ms)
 GET /dashboard/voice-agent/test 200 in 107ms (compile: 16ms, render: 92ms)
 GET /dashboard/voice-agent/control-center 200 in 116ms (compile: 68ms, render: 48ms)
 GET /dashboard/voice-agent/control-center 200 in 118ms (compile: 49ms, render: 69ms)
 GET /dashboard/voice-agent/test 200 in 126ms (compile: 9ms, render: 116ms)
 GET /dashboard/voice-agent/control-center 200 in 156ms (compile: 13ms, render: 143ms)
 GET /dashboard/voice-agent/test 200 in 168ms (compile: 83ms, render: 85ms)
 GET /dashboard/voice-agent/control-center 200 in 138ms (compile: 53ms, render: 85ms)
 GET /dashboard/voice-agent/test 200 in 145ms (compile: 13ms, render: 132ms)
 GET /dashboard/voice-agent/test 200 in 113ms (compile: 16ms, render: 96ms)
 GET /dashboard/voice-agent/control-center 200 in 113ms (compile: 59ms, render: 54ms)
 GET /dashboard/voice-agent/test 200 in 135ms (compile: 7ms, render: 129ms)
 GET /dashboard/voice-agent/control-center 200 in 142ms (compile: 70ms, render: 72ms)
 GET /dashboard/voice-agent/control-center 200 in 102ms (compile: 13ms, render: 89ms)
 GET /dashboard/voice-agent/test 200 in 104ms (compile: 59ms, render: 45ms)
 GET /dashboard/voice-agent/test 200 in 104ms (compile: 54ms, render: 50ms)
 GET /dashboard/voice-agent/control-center 200 in 114ms (compile: 25ms, render: 89ms)
 GET /dashboard/voice-agent/control-center 200 in 98ms (compile: 11ms, render: 87ms)
 GET /dashboard/voice-agent/test 200 in 58ms (compile: 8ms, render: 50ms)
 GET /dashboard/voice-agent/control-center 200 in 145ms (compile: 10ms, render: 134ms)
 GET /dashboard/voice-agent/test 200 in 145ms (compile: 67ms, render: 78ms)
 GET /dashboard/voice-agent/test 200 in 68ms (compile: 8ms, render: 61ms)
 GET /dashboard/voice-agent/control-center 200 in 71ms (compile: 42ms, render: 29ms)
 GET /dashboard/voice-agent/test 200 in 117ms (compile: 41ms, render: 77ms)
 GET /dashboard/voice-agent/control-center 200 in 129ms (compile: 9ms, render: 120ms)
 GET /dashboard/voice-agent/test 200 in 200ms (compile: 17ms, render: 183ms)
 GET /dashboard/voice-agent/control-center 200 in 209ms (compile: 76ms, render: 132ms)
 GET /dashboard/voice-agent/test 200 in 948ms (compile: 722ms, render: 227ms)
 GET /dashboard/voice-agent/control-center 200 in 959ms (compile: 813ms, render: 146ms)
 ✓ Compiled in 6ms
 GET /dashboard/voice-agent/control-center 200 in 145ms (compile: 18ms, render: 128ms)
 GET /dashboard/voice-agent/test 200 in 147ms (compile: 76ms, render: 71ms)
 GET /dashboard/voice-agent/control-center 200 in 113ms (compile: 9ms, render: 104ms)
 GET /dashboard/voice-agent/test 200 in 80ms (compile: 10ms, render: 71ms)
 GET /dashboard/voice-agent/control-center 200 in 141ms (compile: 13ms, render: 128ms)
 GET /dashboard/voice-agent/test 200 in 144ms (compile: 73ms, render: 71ms)
 GET /dashboard/voice-agent/control-center 200 in 106ms (compile: 13ms, render: 93ms)
 GET /dashboard/voice-agent/test 200 in 105ms (compile: 49ms, render: 56ms)
 GET /dashboard/voice-agent/test 200 in 71ms (compile: 4ms, render: 67ms)
 GET /dashboard/voice-agent/control-center 200 in 72ms (compile: 32ms, render: 40ms)
 GET /dashboard/voice-agent/control-center 200 in 106ms (compile: 10ms, render: 96ms)
 GET /dashboard/voice-agent/test 200 in 108ms (compile: 46ms, render: 62ms)
 GET /dashboard/voice-agent/test 200 in 153ms (compile: 10ms, render: 143ms)
 GET /dashboard/voice-agent/control-center 200 in 156ms (compile: 86ms, render: 69ms)
 GET /dashboard/voice-agent/control-center 200 in 150ms (compile: 6ms, render: 144ms)
 GET /dashboard/voice-agent/test 200 in 150ms (compile: 48ms, render: 102ms)
 GET /dashboard/voice-agent/control-center 200 in 124ms (compile: 9ms, render: 115ms)
 GET /dashboard/voice-agent/test 200 in 125ms (compile: 53ms, render: 73ms)
 GET /dashboard/voice-agent/control-center 200 in 276ms (compile: 16ms, render: 261ms)
 GET /dashboard/voice-agent/test 200 in 275ms (compile: 85ms, render: 190ms)
 GET /dashboard/voice-agent/test 200 in 97ms (compile: 8ms, render: 89ms)
 GET /dashboard/voice-agent/control-center 200 in 97ms (compile: 50ms, render: 47ms)
 GET /dashboard/voice-agent/control-center 200 in 90ms (compile: 9ms, render: 81ms)
 GET /dashboard/voice-agent/test 200 in 948ms (compile: 514ms, render: 434ms)
 GET /dashboard/voice-agent/control-center 200 in 959ms (compile: 810ms, render: 149ms)
 GET /dashboard/voice-agent/test 200 in 143ms (compile: 18ms, render: 124ms)
 GET /dashboard/voice-agent/control-center 200 in 140ms (compile: 85ms, render: 55ms)
 GET /dashboard/voice-agent/control-center 200 in 177ms (compile: 9ms, render: 168ms)
 GET /dashboard/voice-agent/test 200 in 181ms (compile: 96ms, render: 85ms)
 GET /dashboard/voice-agent/test 200 in 139ms (compile: 14ms, render: 125ms)
 GET /dashboard/voice-agent/control-center 200 in 145ms (compile: 84ms, render: 61ms)
 GET /dashboard/voice-agent/test 200 in 109ms (compile: 5ms, render: 104ms)
 GET /dashboard/voice-agent/control-center 200 in 110ms (compile: 65ms, render: 45ms)
 GET /dashboard/voice-agent/control-center 200 in 46ms (compile: 5ms, render: 41ms)
 GET /dashboard/voice-agent/test 200 in 46ms (compile: 24ms, render: 22ms)
 GET /dashboard/voice-agent/control-center 200 in 63ms (compile: 3ms, render: 60ms)
 GET /dashboard/voice-agent/test 200 in 44ms (compile: 1914µs, render: 42ms)
 GET /dashboard/voice-agent/control-center 200 in 144ms (compile: 11ms, render: 133ms)
 GET /dashboard/voice-agent/test 200 in 106ms (compile: 15ms, render: 91ms)
 GET /dashboard/voice-agent/test 200 in 84ms (compile: 7ms, render: 77ms)
 GET /dashboard/voice-agent/control-center 200 in 89ms (compile: 43ms, render: 46ms)
 GET /dashboard/voice-agent/control-center 200 in 106ms (compile: 6ms, render: 100ms)
 GET /dashboard/voice-agent/test 200 in 62ms (compile: 6ms, render: 56ms)
 GET /dashboard/voice-agent/control-center 200 in 104ms (compile: 9ms, render: 95ms)
 GET /dashboard/voice-agent/test 200 in 63ms (compile: 8ms, render: 55ms)
 GET /dashboard/voice-agent/control-center 200 in 41ms (compile: 3ms, render: 38ms)
 GET /dashboard/voice-agent/test 200 in 22ms (compile: 3ms, render: 19ms)
 GET /dashboard/voice-agent/control-center 200 in 36ms (compile: 4ms, render: 32ms)
 GET /dashboard/voice-agent/test 200 in 21ms (compile: 1615µs, render: 20ms)
 GET /dashboard/voice-agent/control-center 200 in 109ms (compile: 40ms, render: 69ms)
 GET /dashboard/voice-agent/test 200 in 113ms (compile: 3ms, render: 110ms)
 GET /dashboard/voice-agent/test 200 in 97ms (compile: 51ms, render: 47ms)
 GET /dashboard/voice-agent/control-center 200 in 101ms (compile: 8ms, render: 93ms)
 GET /dashboard/voice-agent/test 200 in 60ms (compile: 7ms, render: 54ms)
 GET /dashboard/voice-agent/control-center 200 in 60ms (compile: 33ms, render: 27ms)
 GET /dashboard/voice-agent/control-center 200 in 74ms (compile: 5ms, render: 69ms)
 GET /dashboard/voice-agent/test 200 in 46ms (compile: 3ms, render: 43ms)
 GET /dashboard/voice-agent/control-center 200 in 78ms (compile: 10ms, render: 68ms)
 GET /dashboard/voice-agent/test 200 in 35ms (compile: 4ms, render: 31ms)
 GET /dashboard/voice-agent/control-center 200 in 80ms (compile: 4ms, render: 76ms)
 GET /dashboard/voice-agent/test 200 in 48ms (compile: 5ms, render: 43ms)
 GET /dashboard/voice-agent/control-center 200 in 72ms (compile: 6ms, render: 66ms)
 GET /dashboard/voice-agent/test 200 in 39ms (compile: 3ms, render: 36ms)
 GET /dashboard/voice-agent/control-center 200 in 72ms (compile: 5ms, render: 67ms)
 GET /dashboard/voice-agent/test 200 in 43ms (compile: 3ms, render: 40ms)
 GET /dashboard/voice-agent/control-center 200 in 33ms (compile: 19ms, render: 15ms)
 GET /dashboard/voice-agent/test 200 in 35ms (compile: 3ms, render: 33ms)
 GET /dashboard/voice-agent/control-center 200 in 31ms (compile: 3ms, render: 29ms)
 GET /dashboard/voice-agent/test 200 in 34ms (compile: 17ms, render: 17ms)
 GET /dashboard/voice-agent/control-center 200 in 37ms (compile: 3ms, render: 34ms)
 GET /dashboard/voice-agent/test 200 in 38ms (compile: 18ms, render: 20ms)
 GET /dashboard/voice-agent/control-center 200 in 37ms (compile: 3ms, render: 34ms)
 GET /dashboard/voice-agent/test 200 in 24ms (compile: 2ms, render: 21ms)
 GET /dashboard/voice-agent/test 200 in 48ms (compile: 25ms, render: 23ms)
 GET /dashboard/voice-agent/control-center 200 in 50ms (compile: 3ms, render: 47ms)
 GET /dashboard/voice-agent/control-center 200 in 46ms (compile: 4ms, render: 42ms)
 GET /dashboard/voice-agent/test 200 in 47ms (compile: 24ms, render: 23ms)
 GET /dashboard/voice-agent/control-center 200 in 31ms (compile: 3ms, render: 28ms)
 GET /dashboard/voice-agent/test 200 in 18ms (compile: 2ms, render: 15ms)
 GET /dashboard/voice-agent/control-center 200 in 58ms (compile: 3ms, render: 55ms)
 GET /dashboard/voice-agent/test 200 in 59ms (compile: 23ms, render: 35ms)
 GET /dashboard/voice-agent/control-center 200 in 91ms (compile: 12ms, render: 80ms)
 GET /dashboard/voice-agent/test 200 in 84ms (compile: 35ms, render: 49ms)
 GET /dashboard/voice-agent/test 200 in 75ms (compile: 7ms, render: 68ms)
 GET /dashboard/voice-agent/control-center 200 in 75ms (compile: 40ms, render: 35ms)
 GET /dashboard/voice-agent/test 200 in 56ms (compile: 6ms, render: 51ms)
 GET /dashboard/voice-agent/control-center 200 in 38ms (compile: 2ms, render: 36ms)
 GET /dashboard/voice-agent/test 200 in 82ms (compile: 7ms, render: 75ms)
 GET /dashboard/voice-agent/control-center 200 in 48ms (compile: 5ms, render: 43ms)
 GET /dashboard/voice-agent/test 200 in 76ms (compile: 5ms, render: 71ms)
 GET /dashboard/voice-agent/control-center 200 in 43ms (compile: 5ms, render: 39ms)
 GET /dashboard/voice-agent/control-center 200 in 76ms (compile: 7ms, render: 69ms)
 GET /dashboard/voice-agent/test 200 in 40ms (compile: 4ms, render: 36ms)
 GET /dashboard/voice-agent/control-center 200 in 37ms (compile: 4ms, render: 33ms)
 GET /dashboard/voice-agent/test 200 in 19ms (compile: 3ms, render: 16ms)
 GET /dashboard/voice-agent/test 200 in 74ms (compile: 35ms, render: 39ms)
 GET /dashboard/voice-agent/control-center 200 in 77ms (compile: 4ms, render: 73ms)
 GET /dashboard/voice-agent/control-center 200 in 158ms (compile: 22ms, render: 136ms)
 GET /dashboard/voice-agent/test 200 in 164ms (compile: 85ms, render: 79ms)
 GET /dashboard/voice-agent/control-center 200 in 61ms (compile: 18ms, render: 43ms)
 GET /dashboard/voice-agent/test 200 in 62ms (compile: 2ms, render: 60ms)
 GET /dashboard/voice-agent/test 200 in 48ms (compile: 29ms, render: 19ms)
 GET /dashboard/voice-agent/control-center 200 in 51ms (compile: 5ms, render: 46ms)
 GET /dashboard/voice-agent/test 200 in 83ms (compile: 3ms, render: 79ms)
 GET /dashboard/voice-agent/control-center 200 in 60ms (compile: 4ms, render: 55ms)
 GET /dashboard/voice-agent/control-center 200 in 68ms (compile: 40ms, render: 28ms)
 GET /dashboard/voice-agent/test 200 in 72ms (compile: 7ms, render: 65ms)
 GET /dashboard/voice-agent/control-center 200 in 44ms (compile: 21ms, render: 23ms)
 GET /dashboard/voice-agent/test 200 in 48ms (compile: 5ms, render: 43ms)
 GET /dashboard/voice-agent/test 200 in 46ms (compile: 3ms, render: 43ms)
 GET /dashboard/voice-agent/control-center 200 in 52ms (compile: 19ms, render: 33ms)
 GET /dashboard/voice-agent/test 200 in 70ms (compile: 3ms, render: 66ms)
 GET /dashboard/voice-agent/control-center 200 in 46ms (compile: 3ms, render: 43ms)
 GET /dashboard/voice-agent/test 200 in 47ms (compile: 6ms, render: 40ms)
 GET /dashboard/voice-agent/control-center 200 in 82ms (compile: 26ms, render: 57ms)
 GET /dashboard/voice-agent/test 200 in 31ms (compile: 4ms, render: 27ms)
 GET /dashboard/voice-agent/control-center 200 in 90ms (compile: 11ms, render: 79ms)
 GET /dashboard/voice-agent/test 200 in 88ms (compile: 53ms, render: 34ms)
 GET /dashboard/voice-agent/control-center 200 in 81ms (compile: 6ms, render: 75ms)
 GET /dashboard/voice-agent/test 200 in 81ms (compile: 41ms, render: 40ms)
 GET /dashboard/voice-agent/test 200 in 82ms (compile: 3ms, render: 78ms)
 GET /dashboard/voice-agent/control-center 200 in 85ms (compile: 26ms, render: 59ms)
 GET /dashboard/voice-agent/test 200 in 91ms (compile: 5ms, render: 85ms)
 GET /dashboard/voice-agent/control-center 200 in 51ms (compile: 7ms, render: 45ms)
 GET /dashboard/voice-agent/test 200 in 124ms (compile: 7ms, render: 116ms)
 GET /dashboard/voice-agent/control-center 200 in 70ms (compile: 5ms, render: 65ms)
 GET /dashboard/voice-agent/test 200 in 107ms (compile: 10ms, render: 97ms)
 GET /dashboard/voice-agent/control-center 200 in 105ms (compile: 62ms, render: 43ms)
 GET /dashboard/voice-agent/test 200 in 79ms (compile: 4ms, render: 75ms)
 GET /dashboard/voice-agent/control-center 200 in 80ms (compile: 27ms, render: 53ms)
 GET /dashboard/voice-agent/control-center 200 in 50ms (compile: 5ms, render: 46ms)
 GET /dashboard/voice-agent/test 200 in 51ms (compile: 31ms, render: 20ms)
 GET /dashboard/voice-agent/control-center 200 in 36ms (compile: 1900µs, render: 34ms)
 GET /dashboard/voice-agent/test 200 in 38ms (compile: 14ms, render: 23ms)
 GET /dashboard/voice-agent/control-center 200 in 61ms (compile: 7ms, render: 55ms)
 GET /dashboard/voice-agent/test 200 in 74ms (compile: 9ms, render: 65ms)
 GET /dashboard/voice-agent/control-center 200 in 36ms (compile: 4ms, render: 32ms)
 GET /dashboard/voice-agent/control-center 200 in 95ms (compile: 4ms, render: 90ms)
 GET /dashboard/voice-agent/test 200 in 38ms (compile: 4ms, render: 33ms)
 GET /dashboard/voice-agent/control-center 200 in 70ms (compile: 5ms, render: 64ms)
 GET /dashboard/voice-agent/test 200 in 32ms (compile: 4ms, render: 28ms)
 GET /dashboard/voice-agent/control-center 200 in 78ms (compile: 7ms, render: 71ms)
 GET /dashboard/voice-agent/test 200 in 37ms (compile: 5ms, render: 32ms)
 GET /dashboard/voice-agent/control-center 200 in 85ms (compile: 6ms, render: 79ms)
 GET /dashboard/voice-agent/test 200 in 85ms (compile: 42ms, render: 43ms)
 GET /dashboard/voice-agent/test 200 in 70ms (compile: 36ms, render: 34ms)
 GET /dashboard/voice-agent/control-center 200 in 75ms (compile: 5ms, render: 69ms)
 GET /dashboard/voice-agent/test 200 in 46ms (compile: 23ms, render: 23ms)
 GET /dashboard/voice-agent/control-center 200 in 49ms (compile: 3ms, render: 46ms)
 GET /dashboard/voice-agent/control-center 200 in 53ms (compile: 4ms, render: 49ms)
 GET /dashboard/voice-agent/test 200 in 54ms (compile: 23ms, render: 31ms)
 GET /dashboard/voice-agent/control-center 200 in 44ms (compile: 3ms, render: 41ms)
 GET /dashboard/voice-agent/test 200 in 47ms (compile: 24ms, render: 23ms)
 GET /dashboard/voice-agent/test 200 in 55ms (compile: 4ms, render: 50ms)
 GET /dashboard/voice-agent/control-center 200 in 34ms (compile: 3ms, render: 31ms)
 GET /dashboard/voice-agent/control-center 200 in 31ms (compile: 2ms, render: 29ms)
 GET /dashboard/voice-agent/test 200 in 33ms (compile: 17ms, render: 17ms)
 GET /dashboard/voice-agent/test 200 in 71ms (compile: 4ms, render: 66ms)
 GET /dashboard/voice-agent/control-center 200 in 72ms (compile: 32ms, render: 40ms)
 GET /dashboard/voice-agent/control-center 200 in 68ms (compile: 5ms, render: 63ms)
 GET /dashboard/voice-agent/test 200 in 70ms (compile: 45ms, render: 26ms)
 GET /dashboard/voice-agent/test 200 in 58ms (compile: 5ms, render: 53ms)
 GET /dashboard/voice-agent/control-center 200 in 58ms (compile: 22ms, render: 36ms)
 GET /dashboard/voice-agent/test 200 in 78ms (compile: 6ms, render: 72ms)
 GET /dashboard/voice-agent/control-center 200 in 78ms (compile: 44ms, render: 35ms)
 GET /dashboard/voice-agent/control-center 200 in 100ms (compile: 7ms, render: 93ms)
 GET /dashboard/voice-agent/test 200 in 101ms (compile: 47ms, render: 53ms)
 GET /dashboard/voice-agent/control-center 200 in 70ms (compile: 6ms, render: 64ms)
 GET /dashboard/voice-agent/test 200 in 70ms (compile: 40ms, render: 30ms)
 GET /dashboard/voice-agent/test 200 in 89ms (compile: 5ms, render: 84ms)
 GET /dashboard/voice-agent/control-center 200 in 89ms (compile: 26ms, render: 63ms)
 GET /dashboard/voice-agent/control-center 200 in 90ms (compile: 5ms, render: 86ms)
 GET /dashboard/voice-agent/test 200 in 94ms (compile: 46ms, render: 47ms)
 GET /dashboard/voice-agent/control-center 200 in 91ms (compile: 7ms, render: 85ms)
 GET /dashboard/voice-agent/test 200 in 93ms (compile: 38ms, render: 54ms)
 GET /dashboard/voice-agent/test 200 in 78ms (compile: 8ms, render: 70ms)
 GET /dashboard/voice-agent/control-center 200 in 77ms (compile: 43ms, render: 34ms)
 GET /dashboard/voice-agent/control-center 200 in 125ms (compile: 6ms, render: 119ms)
 GET /dashboard/voice-agent/test 200 in 126ms (compile: 56ms, render: 70ms)
 GET /dashboard/voice-agent/control-center 200 in 54ms (compile: 7ms, render: 47ms)
 GET /dashboard/voice-agent/test 200 in 53ms (compile: 37ms, render: 16ms)
 GET /dashboard/voice-agent/control-center 200 in 44ms (compile: 3ms, render: 41ms)
 GET /dashboard/voice-agent/test 200 in 45ms (compile: 19ms, render: 26ms)
 GET /dashboard/voice-agent/test 200 in 2.1s (compile: 343ms, render: 1772ms)
 GET /dashboard/voice-agent/control-center 200 in 2.1s (compile: 1392ms, render: 724ms)
 GET /dashboard/voice-agent/test 200 in 226ms (compile: 13ms, render: 213ms)
 ✓ Compiled in 0ms
 GET /dashboard/voice-agent/test 200 in 1047ms (compile: 691ms, render: 356ms)
 GET /dashboard/voice-agent/control-center 200 in 1045ms (compile: 322ms, render: 724ms)
 GET /dashboard/voice-agent/control-center 200 in 698ms (compile: 4ms, render: 695ms)
 GET /dashboard/voice-agent/test 200 in 121ms (compile: 36ms, render: 85ms)
 GET /dashboard/voice-agent/test 200 in 432ms (compile: 12ms, render: 420ms)
 GET /dashboard/voice-agent/control-center 200 in 423ms (compile: 130ms, render: 293ms)
 GET /dashboard/voice-agent/test 200 in 434ms (compile: 57ms, render: 377ms)
 GET /dashboard/voice-agent/control-center 200 in 54ms (compile: 7ms, render: 47ms)
 ○ Compiling /dashboard/voice-agent/voice ...
 GET /dashboard/voice-agent/voice 200 in 3.6s (compile: 3.3s, render: 201ms)
 GET /dashboard/voice-agent/tools 200 in 1864ms (compile: 1771ms, render: 93ms)
 GET /dashboard/voice-agent/knowledge-base 200 in 932ms (compile: 877ms, render: 54ms)
 GET /dashboard/voice-agent/voice 200 in 37ms (compile: 7ms, render: 30ms)
 GET /dashboard/voice-agent/test 200 in 70ms (compile: 13ms, render: 57ms)
